https://product.hubspot.com/blog/git-and-github-tutorial-for-beginners

git name AaronDavisG

Step 1: Create a local git repository

  make a project folder

    C:\Users\aaron\OneDrive>cd desktop
    C:\Users\aaron\OneDrive\Desktop> mkdir myproject
    C:\Users\aaron\OneDrive\Desktop> cd myproject
    C:\Users\aaron\OneDrive\Desktop\myproject>

  initialize a git repository in the root of the folder

    C:\Users\aaron\OneDrive\Desktop\myproject>git init
      Initialized empty Git repository in C:/Users/aaron/OneDrive/Desktop/myproject/.git/

Step 2: Add a new file to the repo

  make a new file in project folder

    C:\Users\aaron\OneDrive\Desktop\myproject>notepad myFile.txt

  you can use the git status command to see which files git knows exist

    C:\Users\aaron\OneDrive\Desktop\myproject>git status
      On branch master
      
      No commits yet
      
      Untracked files:
        (use "git add <file>..." to include in what will be committed)
              myFile.txt
      
      nothing added to commit but untracked files present (use "git add" to track)

Step 3: Add a file to the staging environment

  add to staging

    C:\Users\aaron\OneDrive\Desktop\myproject> git add myFile.txt

  check status

    C:\Users\aaron\OneDrive\Desktop\myproject> git status
      On branch master
      
      No commits yet
      
      Changes to be committed:
        (use "git rm --cached <file>..." to unstage)
              new file:   myFile.txt

Step 4: Create a commit

  Run the command git commit -m "..."

    C:\Users\aaron\OneDrive\Desktop\myproject> git commit -m "first commit"
      [master (root-commit) f394970] first commit
       1 file changed, 1 insertion(+)
       create mode 100644 myFile.txt

Step 5: Create a new branch

  check current branch

    C:\Users\aaron\OneDrive\Desktop\myproject>git branch
      * master

  check out new branch

    C:\Users\aaron\OneDrive\Desktop\myproject>git checkout -b testBranch
      Switched to a new branch 'testBranch'

    C:\Users\aaron\OneDrive\Desktop\myproject>git branch
      master
    * testBranch

Step 6: Create a new repository on GitHub

  Create a new repository on github

  Owner/     Repository name
  AaronDavisG gitTestRepo

  push an existing repository from the command line' section

    C:\Users\aaron\OneDrive\Desktop\myproject>git remote add origin https://github.com/AaronDavisG/gitTestRepo.git

    C:\Users\aaron\OneDrive\Desktop\myproject>git branch -M main
    
    C:\Users\aaron\OneDrive\Desktop\myproject>git push -u origin main
      Enumerating objects: 3, done.
      Counting objects: 100% (3/3), done.
      Writing objects: 100% (3/3), 232 bytes | 116.00 KiB/s, done.
      Total 3 (delta 0), reused 0 (delta 0), pack-reused 0 (from 0)
      To https://github.com/AaronDavisG/gitTestRepo.git
       * [new branch]      main -> main
      branch 'main' set up to track 'origin/main'.

Step 7: Push a branch to GitHub

  chechout test branch

    C:\Users\aaron\OneDrive\Desktop\myproject>git checkout -b testBranch
      Switched to a new branch 'testBranch'

  make changes to myFile.txt

    C:\Users\aaron\OneDrive\Desktop\myproject>notepad myFile.txt

  add file to staging

    C:\Users\aaron\OneDrive\Desktop\myproject>git add myFile.txt

  commit changes
  
    C:\Users\aaron\OneDrive\Desktop\myproject>git commit -m "testing a commit on a branch"
      [testBranch 14eb34d] testing a commit on a branch
       1 file changed, 1 insertion(+), 1 deletion(-)

  git push origin

    C:\Users\aaron\OneDrive\Desktop\myproject>git push origin testBranch
      Enumerating objects: 5, done.
      Counting objects: 100% (5/5), done.
      Writing objects: 100% (3/3), 275 bytes | 275.00 KiB/s, done.
      Total 3 (delta 0), reused 0 (delta 0), pack-reused 0 (from 0)
      remote:
      remote: Create a pull request for 'testBranch' on GitHub by visiting:
      remote:      https://github.com/AaronDavisG/gitTestRepo/pull/new/testBranch
      remote:
      To https://github.com/AaronDavisG/gitTestRepo.git
       * [new branch]      testBranch -> testBranch

  Step 8: Create a pull request (PR)

    click "compare & pull request"

    add description

    click "create pull request"

Step 9: merge a pull request (pr)

    click "merge pull request"

    click "confirm merge"

    pull rquest successfully merged and closed

    click "Delete Branch"

Step 10: Get changes on GitHub back to your computer

  switch to main branch

    C:\Users\aaron\OneDrive\Desktop\myproject>git checkout main
      Switched to branch 'main'
      Your branch is up to date with 'origin/main'.

  

  
  
